SELECT
    t,
	ARRAY(
		SELECT
			v::int8
		FROM
			generate_series(max(0, t - 10),  t) as v
	) AS v
	INTO test_int8
FROM
	generate_series(1, 200) as t;
SET anyarray.similarity_type=cosine;
SELECT  t, similarity(v, '{10,9,8,7,6,5,4,3,2,1}') AS s FROM test_int8 
	WHERE v % '{10,9,8,7,6,5,4,3,2,1}' ORDER BY s DESC, t;
 t  |     s      
----+------------
 10 |  0.9534626
 11 |  0.9534626
  9 |        0.9
 12 |  0.8581163
  8 | 0.84327406
  7 | 0.78262377
 13 | 0.76277006
  6 | 0.71713716
 14 |  0.6674238
  5 |  0.6454972
(10 rows)

SELECT  t, similarity(v, '{50,49,8,7,6,5,4,3,2,1}') AS s FROM test_int8 
	WHERE v % '{50,49,8,7,6,5,4,3,2,1}' ORDER BY s DESC, t;
 t  |     s      
----+------------
  8 | 0.84327406
  9 |        0.8
  7 | 0.78262377
 10 | 0.76277006
 11 | 0.76277006
  6 | 0.71713716
 12 |  0.6674238
  5 |  0.6454972
(8 rows)

SET anyarray.similarity_type=jaccard;
SELECT  t, similarity(v, '{10,9,8,7,6,5,4,3,2,1}') AS s FROM test_int8 
	WHERE v % '{10,9,8,7,6,5,4,3,2,1}' ORDER BY s DESC, t;
 t  |     s      
----+------------
 10 | 0.90909094
 11 | 0.90909094
  9 |  0.8181818
 12 |       0.75
  8 | 0.72727275
  7 |  0.6363636
 13 | 0.61538464
(7 rows)

SELECT  t, similarity(v, '{50,49,8,7,6,5,4,3,2,1}') AS s FROM test_int8 
	WHERE v % '{50,49,8,7,6,5,4,3,2,1}' ORDER BY s DESC, t;
 t  |     s      
----+------------
  8 | 0.72727275
  9 |  0.6666667
  7 |  0.6363636
 10 | 0.61538464
 11 | 0.61538464
(5 rows)

SELECT t, v FROM test_int8 WHERE v && '{43,50}' ORDER BY t;
 t  |                 v                  
----+------------------------------------
 43 | {33,34,35,36,37,38,39,40,41,42,43}
 44 | {34,35,36,37,38,39,40,41,42,43,44}
 45 | {35,36,37,38,39,40,41,42,43,44,45}
 46 | {36,37,38,39,40,41,42,43,44,45,46}
 47 | {37,38,39,40,41,42,43,44,45,46,47}
 48 | {38,39,40,41,42,43,44,45,46,47,48}
 49 | {39,40,41,42,43,44,45,46,47,48,49}
 50 | {40,41,42,43,44,45,46,47,48,49,50}
 51 | {41,42,43,44,45,46,47,48,49,50,51}
 52 | {42,43,44,45,46,47,48,49,50,51,52}
 53 | {43,44,45,46,47,48,49,50,51,52,53}
 54 | {44,45,46,47,48,49,50,51,52,53,54}
 55 | {45,46,47,48,49,50,51,52,53,54,55}
 56 | {46,47,48,49,50,51,52,53,54,55,56}
 57 | {47,48,49,50,51,52,53,54,55,56,57}
 58 | {48,49,50,51,52,53,54,55,56,57,58}
 59 | {49,50,51,52,53,54,55,56,57,58,59}
 60 | {50,51,52,53,54,55,56,57,58,59,60}
(18 rows)

SELECT t, v FROM test_int8 WHERE v @> '{43,50}' ORDER BY t;
 t  |                 v                  
----+------------------------------------
 50 | {40,41,42,43,44,45,46,47,48,49,50}
 51 | {41,42,43,44,45,46,47,48,49,50,51}
 52 | {42,43,44,45,46,47,48,49,50,51,52}
 53 | {43,44,45,46,47,48,49,50,51,52,53}
(4 rows)

SELECT t, v FROM test_int8 WHERE v <@ '{0,1,2,3,4,5,6,7,8,9,10}' ORDER BY t;
 t  |            v             
----+--------------------------
  1 | {0,1}
  2 | {0,1,2}
  3 | {0,1,2,3}
  4 | {0,1,2,3,4}
  5 | {0,1,2,3,4,5}
  6 | {0,1,2,3,4,5,6}
  7 | {0,1,2,3,4,5,6,7}
  8 | {0,1,2,3,4,5,6,7,8}
  9 | {0,1,2,3,4,5,6,7,8,9}
 10 | {0,1,2,3,4,5,6,7,8,9,10}
(10 rows)

SELECT t, v FROM test_int8 WHERE v =  '{0,1,2,3,4,5,6,7,8,9,10}' ORDER BY t;
 t  |            v             
----+--------------------------
 10 | {0,1,2,3,4,5,6,7,8,9,10}
(1 row)

SET anyarray.similarity_type=cosine;
SELECT t, v FROM test_int8 WHERE v %  '{0,1,2,3,4,5,6,7,8,9,10}' ORDER BY t;
 t  |              v               
----+------------------------------
  3 | {0,1,2,3}
  4 | {0,1,2,3,4}
  5 | {0,1,2,3,4,5}
  6 | {0,1,2,3,4,5,6}
  7 | {0,1,2,3,4,5,6,7}
  8 | {0,1,2,3,4,5,6,7,8}
  9 | {0,1,2,3,4,5,6,7,8,9}
 10 | {0,1,2,3,4,5,6,7,8,9,10}
 11 | {1,2,3,4,5,6,7,8,9,10,11}
 12 | {2,3,4,5,6,7,8,9,10,11,12}
 13 | {3,4,5,6,7,8,9,10,11,12,13}
 14 | {4,5,6,7,8,9,10,11,12,13,14}
(12 rows)

SET anyarray.similarity_type=jaccard;
SELECT t, v FROM test_int8 WHERE v %  '{0,1,2,3,4,5,6,7,8,9,10}' ORDER BY t;
 t  |             v              
----+----------------------------
  6 | {0,1,2,3,4,5,6}
  7 | {0,1,2,3,4,5,6,7}
  8 | {0,1,2,3,4,5,6,7,8}
  9 | {0,1,2,3,4,5,6,7,8,9}
 10 | {0,1,2,3,4,5,6,7,8,9,10}
 11 | {1,2,3,4,5,6,7,8,9,10,11}
 12 | {2,3,4,5,6,7,8,9,10,11,12}
(7 rows)

SET anyarray.similarity_type=overlap;
SET anyarray.similarity_threshold = 3;
SELECT t, v FROM test_int8 WHERE v %  '{0,1,2,3,4,5,6,7,8,9,10}' ORDER BY t;
 t  |                v                 
----+----------------------------------
  2 | {0,1,2}
  3 | {0,1,2,3}
  4 | {0,1,2,3,4}
  5 | {0,1,2,3,4,5}
  6 | {0,1,2,3,4,5,6}
  7 | {0,1,2,3,4,5,6,7}
  8 | {0,1,2,3,4,5,6,7,8}
  9 | {0,1,2,3,4,5,6,7,8,9}
 10 | {0,1,2,3,4,5,6,7,8,9,10}
 11 | {1,2,3,4,5,6,7,8,9,10,11}
 12 | {2,3,4,5,6,7,8,9,10,11,12}
 13 | {3,4,5,6,7,8,9,10,11,12,13}
 14 | {4,5,6,7,8,9,10,11,12,13,14}
 15 | {5,6,7,8,9,10,11,12,13,14,15}
 16 | {6,7,8,9,10,11,12,13,14,15,16}
 17 | {7,8,9,10,11,12,13,14,15,16,17}
 18 | {8,9,10,11,12,13,14,15,16,17,18}
(17 rows)

RESET anyarray.similarity_threshold;
CREATE INDEX idx_test_int8 ON test_int8 USING gist (v _int8_aa_ops);
SET enable_seqscan=off;
EXPLAIN (COSTS OFF) SELECT t, v FROM test_int8 WHERE v && '{43,50}' ORDER BY t;
                      QUERY PLAN                      
------------------------------------------------------
 Sort
   Sort Key: t
   ->  Bitmap Heap Scan on test_int8
         Recheck Cond: (v && '{43,50}'::bigint[])
         ->  Bitmap Index Scan on idx_test_int8
               Index Cond: (v && '{43,50}'::bigint[])
(6 rows)

EXPLAIN (COSTS OFF) SELECT t, v FROM test_int8 WHERE v @> '{43,50}' ORDER BY t;
                    QUERY PLAN                     
---------------------------------------------------
 Sort
   Sort Key: t
   ->  Index Scan using idx_test_int8 on test_int8
         Index Cond: (v @> '{43,50}'::bigint[])
(4 rows)

EXPLAIN (COSTS OFF) SELECT t, v FROM test_int8 WHERE v <@ '{0,1,2,3,4,5,6,7,8,9,10}' ORDER BY t;
                           QUERY PLAN                            
-----------------------------------------------------------------
 Sort
   Sort Key: t
   ->  Index Scan using idx_test_int8 on test_int8
         Index Cond: (v <@ '{0,1,2,3,4,5,6,7,8,9,10}'::bigint[])
(4 rows)

EXPLAIN (COSTS OFF) SELECT t, v FROM test_int8 WHERE v =  '{0,1,2,3,4,5,6,7,8,9,10}' ORDER BY t;
                           QUERY PLAN                           
----------------------------------------------------------------
 Sort
   Sort Key: t
   ->  Index Scan using idx_test_int8 on test_int8
         Index Cond: (v = '{0,1,2,3,4,5,6,7,8,9,10}'::bigint[])
(4 rows)

EXPLAIN (COSTS OFF) SELECT t, v FROM test_int8 WHERE v %  '{0,1,2,3,4,5,6,7,8,9,10}' ORDER BY t;
                           QUERY PLAN                           
----------------------------------------------------------------
 Sort
   Sort Key: t
   ->  Index Scan using idx_test_int8 on test_int8
         Index Cond: (v % '{0,1,2,3,4,5,6,7,8,9,10}'::bigint[])
(4 rows)

SELECT t, v FROM test_int8 WHERE v && '{43,50}' ORDER BY t;
 t  |                 v                  
----+------------------------------------
 43 | {33,34,35,36,37,38,39,40,41,42,43}
 44 | {34,35,36,37,38,39,40,41,42,43,44}
 45 | {35,36,37,38,39,40,41,42,43,44,45}
 46 | {36,37,38,39,40,41,42,43,44,45,46}
 47 | {37,38,39,40,41,42,43,44,45,46,47}
 48 | {38,39,40,41,42,43,44,45,46,47,48}
 49 | {39,40,41,42,43,44,45,46,47,48,49}
 50 | {40,41,42,43,44,45,46,47,48,49,50}
 51 | {41,42,43,44,45,46,47,48,49,50,51}
 52 | {42,43,44,45,46,47,48,49,50,51,52}
 53 | {43,44,45,46,47,48,49,50,51,52,53}
 54 | {44,45,46,47,48,49,50,51,52,53,54}
 55 | {45,46,47,48,49,50,51,52,53,54,55}
 56 | {46,47,48,49,50,51,52,53,54,55,56}
 57 | {47,48,49,50,51,52,53,54,55,56,57}
 58 | {48,49,50,51,52,53,54,55,56,57,58}
 59 | {49,50,51,52,53,54,55,56,57,58,59}
 60 | {50,51,52,53,54,55,56,57,58,59,60}
(18 rows)

SELECT t, v FROM test_int8 WHERE v @> '{43,50}' ORDER BY t;
 t  |                 v                  
----+------------------------------------
 50 | {40,41,42,43,44,45,46,47,48,49,50}
 51 | {41,42,43,44,45,46,47,48,49,50,51}
 52 | {42,43,44,45,46,47,48,49,50,51,52}
 53 | {43,44,45,46,47,48,49,50,51,52,53}
(4 rows)

SELECT t, v FROM test_int8 WHERE v <@ '{0,1,2,3,4,5,6,7,8,9,10}' ORDER BY t;
 t  |            v             
----+--------------------------
  1 | {0,1}
  2 | {0,1,2}
  3 | {0,1,2,3}
  4 | {0,1,2,3,4}
  5 | {0,1,2,3,4,5}
  6 | {0,1,2,3,4,5,6}
  7 | {0,1,2,3,4,5,6,7}
  8 | {0,1,2,3,4,5,6,7,8}
  9 | {0,1,2,3,4,5,6,7,8,9}
 10 | {0,1,2,3,4,5,6,7,8,9,10}
(10 rows)

SELECT t, v FROM test_int8 WHERE v =  '{0,1,2,3,4,5,6,7,8,9,10}' ORDER BY t;
 t  |            v             
----+--------------------------
 10 | {0,1,2,3,4,5,6,7,8,9,10}
(1 row)

SET anyarray.similarity_type=cosine;
SELECT t, v FROM test_int8 WHERE v %  '{0,1,2,3,4,5,6,7,8,9,10}' ORDER BY t;
 t  |              v               
----+------------------------------
  3 | {0,1,2,3}
  4 | {0,1,2,3,4}
  5 | {0,1,2,3,4,5}
  6 | {0,1,2,3,4,5,6}
  7 | {0,1,2,3,4,5,6,7}
  8 | {0,1,2,3,4,5,6,7,8}
  9 | {0,1,2,3,4,5,6,7,8,9}
 10 | {0,1,2,3,4,5,6,7,8,9,10}
 11 | {1,2,3,4,5,6,7,8,9,10,11}
 12 | {2,3,4,5,6,7,8,9,10,11,12}
 13 | {3,4,5,6,7,8,9,10,11,12,13}
 14 | {4,5,6,7,8,9,10,11,12,13,14}
(12 rows)

SET anyarray.similarity_type=jaccard;
SELECT t, v FROM test_int8 WHERE v %  '{0,1,2,3,4,5,6,7,8,9,10}' ORDER BY t;
 t  |             v              
----+----------------------------
  6 | {0,1,2,3,4,5,6}
  7 | {0,1,2,3,4,5,6,7}
  8 | {0,1,2,3,4,5,6,7,8}
  9 | {0,1,2,3,4,5,6,7,8,9}
 10 | {0,1,2,3,4,5,6,7,8,9,10}
 11 | {1,2,3,4,5,6,7,8,9,10,11}
 12 | {2,3,4,5,6,7,8,9,10,11,12}
(7 rows)

SET anyarray.similarity_type=overlap;
SET anyarray.similarity_threshold = 3;
SELECT t, v FROM test_int8 WHERE v %  '{0,1,2,3,4,5,6,7,8,9,10}' ORDER BY t;
 t  |                v                 
----+----------------------------------
  2 | {0,1,2}
  3 | {0,1,2,3}
  4 | {0,1,2,3,4}
  5 | {0,1,2,3,4,5}
  6 | {0,1,2,3,4,5,6}
  7 | {0,1,2,3,4,5,6,7}
  8 | {0,1,2,3,4,5,6,7,8}
  9 | {0,1,2,3,4,5,6,7,8,9}
 10 | {0,1,2,3,4,5,6,7,8,9,10}
 11 | {1,2,3,4,5,6,7,8,9,10,11}
 12 | {2,3,4,5,6,7,8,9,10,11,12}
 13 | {3,4,5,6,7,8,9,10,11,12,13}
 14 | {4,5,6,7,8,9,10,11,12,13,14}
 15 | {5,6,7,8,9,10,11,12,13,14,15}
 16 | {6,7,8,9,10,11,12,13,14,15,16}
 17 | {7,8,9,10,11,12,13,14,15,16,17}
 18 | {8,9,10,11,12,13,14,15,16,17,18}
(17 rows)

RESET anyarray.similarity_threshold;
DROP INDEX idx_test_int8;
CREATE INDEX idx_test_int8 ON test_int8 USING gin (v _int8_aa_ops);
SET enable_seqscan=off;
EXPLAIN (COSTS OFF) SELECT t, v FROM test_int8 WHERE v && '{43,50}' ORDER BY t;
                      QUERY PLAN                      
------------------------------------------------------
 Sort
   Sort Key: t
   ->  Bitmap Heap Scan on test_int8
         Recheck Cond: (v && '{43,50}'::bigint[])
         ->  Bitmap Index Scan on idx_test_int8
               Index Cond: (v && '{43,50}'::bigint[])
(6 rows)

EXPLAIN (COSTS OFF) SELECT t, v FROM test_int8 WHERE v @> '{43,50}' ORDER BY t;
                      QUERY PLAN                      
------------------------------------------------------
 Sort
   Sort Key: t
   ->  Bitmap Heap Scan on test_int8
         Recheck Cond: (v @> '{43,50}'::bigint[])
         ->  Bitmap Index Scan on idx_test_int8
               Index Cond: (v @> '{43,50}'::bigint[])
(6 rows)

EXPLAIN (COSTS OFF) SELECT t, v FROM test_int8 WHERE v <@ '{0,1,2,3,4,5,6,7,8,9,10}' ORDER BY t;
                              QUERY PLAN                               
-----------------------------------------------------------------------
 Sort
   Sort Key: t
   ->  Bitmap Heap Scan on test_int8
         Recheck Cond: (v <@ '{0,1,2,3,4,5,6,7,8,9,10}'::bigint[])
         ->  Bitmap Index Scan on idx_test_int8
               Index Cond: (v <@ '{0,1,2,3,4,5,6,7,8,9,10}'::bigint[])
(6 rows)

EXPLAIN (COSTS OFF) SELECT t, v FROM test_int8 WHERE v =  '{0,1,2,3,4,5,6,7,8,9,10}' ORDER BY t;
                              QUERY PLAN                              
----------------------------------------------------------------------
 Sort
   Sort Key: t
   ->  Bitmap Heap Scan on test_int8
         Recheck Cond: (v = '{0,1,2,3,4,5,6,7,8,9,10}'::bigint[])
         ->  Bitmap Index Scan on idx_test_int8
               Index Cond: (v = '{0,1,2,3,4,5,6,7,8,9,10}'::bigint[])
(6 rows)

EXPLAIN (COSTS OFF) SELECT t, v FROM test_int8 WHERE v %  '{0,1,2,3,4,5,6,7,8,9,10}' ORDER BY t;
                              QUERY PLAN                              
----------------------------------------------------------------------
 Sort
   Sort Key: t
   ->  Bitmap Heap Scan on test_int8
         Recheck Cond: (v % '{0,1,2,3,4,5,6,7,8,9,10}'::bigint[])
         ->  Bitmap Index Scan on idx_test_int8
               Index Cond: (v % '{0,1,2,3,4,5,6,7,8,9,10}'::bigint[])
(6 rows)

SELECT t, v FROM test_int8 WHERE v && '{43,50}' ORDER BY t;
 t  |                 v                  
----+------------------------------------
 43 | {33,34,35,36,37,38,39,40,41,42,43}
 44 | {34,35,36,37,38,39,40,41,42,43,44}
 45 | {35,36,37,38,39,40,41,42,43,44,45}
 46 | {36,37,38,39,40,41,42,43,44,45,46}
 47 | {37,38,39,40,41,42,43,44,45,46,47}
 48 | {38,39,40,41,42,43,44,45,46,47,48}
 49 | {39,40,41,42,43,44,45,46,47,48,49}
 50 | {40,41,42,43,44,45,46,47,48,49,50}
 51 | {41,42,43,44,45,46,47,48,49,50,51}
 52 | {42,43,44,45,46,47,48,49,50,51,52}
 53 | {43,44,45,46,47,48,49,50,51,52,53}
 54 | {44,45,46,47,48,49,50,51,52,53,54}
 55 | {45,46,47,48,49,50,51,52,53,54,55}
 56 | {46,47,48,49,50,51,52,53,54,55,56}
 57 | {47,48,49,50,51,52,53,54,55,56,57}
 58 | {48,49,50,51,52,53,54,55,56,57,58}
 59 | {49,50,51,52,53,54,55,56,57,58,59}
 60 | {50,51,52,53,54,55,56,57,58,59,60}
(18 rows)

SELECT t, v FROM test_int8 WHERE v @> '{43,50}' ORDER BY t;
 t  |                 v                  
----+------------------------------------
 50 | {40,41,42,43,44,45,46,47,48,49,50}
 51 | {41,42,43,44,45,46,47,48,49,50,51}
 52 | {42,43,44,45,46,47,48,49,50,51,52}
 53 | {43,44,45,46,47,48,49,50,51,52,53}
(4 rows)

SELECT t, v FROM test_int8 WHERE v <@ '{0,1,2,3,4,5,6,7,8,9,10}' ORDER BY t;
 t  |            v             
----+--------------------------
  1 | {0,1}
  2 | {0,1,2}
  3 | {0,1,2,3}
  4 | {0,1,2,3,4}
  5 | {0,1,2,3,4,5}
  6 | {0,1,2,3,4,5,6}
  7 | {0,1,2,3,4,5,6,7}
  8 | {0,1,2,3,4,5,6,7,8}
  9 | {0,1,2,3,4,5,6,7,8,9}
 10 | {0,1,2,3,4,5,6,7,8,9,10}
(10 rows)

SELECT t, v FROM test_int8 WHERE v =  '{0,1,2,3,4,5,6,7,8,9,10}' ORDER BY t;
 t  |            v             
----+--------------------------
 10 | {0,1,2,3,4,5,6,7,8,9,10}
(1 row)

SET anyarray.similarity_type=cosine;
SELECT t, v FROM test_int8 WHERE v %  '{0,1,2,3,4,5,6,7,8,9,10}' ORDER BY t;
 t  |              v               
----+------------------------------
  3 | {0,1,2,3}
  4 | {0,1,2,3,4}
  5 | {0,1,2,3,4,5}
  6 | {0,1,2,3,4,5,6}
  7 | {0,1,2,3,4,5,6,7}
  8 | {0,1,2,3,4,5,6,7,8}
  9 | {0,1,2,3,4,5,6,7,8,9}
 10 | {0,1,2,3,4,5,6,7,8,9,10}
 11 | {1,2,3,4,5,6,7,8,9,10,11}
 12 | {2,3,4,5,6,7,8,9,10,11,12}
 13 | {3,4,5,6,7,8,9,10,11,12,13}
 14 | {4,5,6,7,8,9,10,11,12,13,14}
(12 rows)

SET anyarray.similarity_type=jaccard;
SELECT t, v FROM test_int8 WHERE v %  '{0,1,2,3,4,5,6,7,8,9,10}' ORDER BY t;
 t  |             v              
----+----------------------------
  6 | {0,1,2,3,4,5,6}
  7 | {0,1,2,3,4,5,6,7}
  8 | {0,1,2,3,4,5,6,7,8}
  9 | {0,1,2,3,4,5,6,7,8,9}
 10 | {0,1,2,3,4,5,6,7,8,9,10}
 11 | {1,2,3,4,5,6,7,8,9,10,11}
 12 | {2,3,4,5,6,7,8,9,10,11,12}
(7 rows)

SET anyarray.similarity_type=overlap;
SET anyarray.similarity_threshold = 3;
SELECT t, v FROM test_int8 WHERE v %  '{0,1,2,3,4,5,6,7,8,9,10}' ORDER BY t;
 t  |                v                 
----+----------------------------------
  2 | {0,1,2}
  3 | {0,1,2,3}
  4 | {0,1,2,3,4}
  5 | {0,1,2,3,4,5}
  6 | {0,1,2,3,4,5,6}
  7 | {0,1,2,3,4,5,6,7}
  8 | {0,1,2,3,4,5,6,7,8}
  9 | {0,1,2,3,4,5,6,7,8,9}
 10 | {0,1,2,3,4,5,6,7,8,9,10}
 11 | {1,2,3,4,5,6,7,8,9,10,11}
 12 | {2,3,4,5,6,7,8,9,10,11,12}
 13 | {3,4,5,6,7,8,9,10,11,12,13}
 14 | {4,5,6,7,8,9,10,11,12,13,14}
 15 | {5,6,7,8,9,10,11,12,13,14,15}
 16 | {6,7,8,9,10,11,12,13,14,15,16}
 17 | {7,8,9,10,11,12,13,14,15,16,17}
 18 | {8,9,10,11,12,13,14,15,16,17,18}
(17 rows)

RESET anyarray.similarity_threshold;
DROP INDEX idx_test_int8;
CREATE INDEX idx_test_int8 ON test_int8 USING rum (v _int8_aa_ops);
SET enable_seqscan=off;
EXPLAIN (COSTS OFF) SELECT t, v FROM test_int8 WHERE v && '{43,50}' ORDER BY t;
                      QUERY PLAN                      
------------------------------------------------------
 Sort
   Sort Key: t
   ->  Bitmap Heap Scan on test_int8
         Recheck Cond: (v && '{43,50}'::bigint[])
         ->  Bitmap Index Scan on idx_test_int8
               Index Cond: (v && '{43,50}'::bigint[])
(6 rows)

EXPLAIN (COSTS OFF) SELECT t, v FROM test_int8 WHERE v @> '{43,50}' ORDER BY t;
                    QUERY PLAN                     
---------------------------------------------------
 Sort
   Sort Key: t
   ->  Index Scan using idx_test_int8 on test_int8
         Index Cond: (v @> '{43,50}'::bigint[])
(4 rows)

EXPLAIN (COSTS OFF) SELECT t, v FROM test_int8 WHERE v <@ '{0,1,2,3,4,5,6,7,8,9,10}' ORDER BY t;
                           QUERY PLAN                            
-----------------------------------------------------------------
 Sort
   Sort Key: t
   ->  Index Scan using idx_test_int8 on test_int8
         Index Cond: (v <@ '{0,1,2,3,4,5,6,7,8,9,10}'::bigint[])
(4 rows)

EXPLAIN (COSTS OFF) SELECT t, v FROM test_int8 WHERE v =  '{0,1,2,3,4,5,6,7,8,9,10}' ORDER BY t;
                           QUERY PLAN                           
----------------------------------------------------------------
 Sort
   Sort Key: t
   ->  Index Scan using idx_test_int8 on test_int8
         Index Cond: (v = '{0,1,2,3,4,5,6,7,8,9,10}'::bigint[])
(4 rows)

EXPLAIN (COSTS OFF) SELECT t, v FROM test_int8 WHERE v %  '{0,1,2,3,4,5,6,7,8,9,10}' ORDER BY t;
                           QUERY PLAN                           
----------------------------------------------------------------
 Sort
   Sort Key: t
   ->  Index Scan using idx_test_int8 on test_int8
         Index Cond: (v % '{0,1,2,3,4,5,6,7,8,9,10}'::bigint[])
(4 rows)

SELECT t, v FROM test_int8 WHERE v && '{43,50}' ORDER BY t;
 t  |                 v                  
----+------------------------------------
 43 | {33,34,35,36,37,38,39,40,41,42,43}
 44 | {34,35,36,37,38,39,40,41,42,43,44}
 45 | {35,36,37,38,39,40,41,42,43,44,45}
 46 | {36,37,38,39,40,41,42,43,44,45,46}
 47 | {37,38,39,40,41,42,43,44,45,46,47}
 48 | {38,39,40,41,42,43,44,45,46,47,48}
 49 | {39,40,41,42,43,44,45,46,47,48,49}
 50 | {40,41,42,43,44,45,46,47,48,49,50}
 51 | {41,42,43,44,45,46,47,48,49,50,51}
 52 | {42,43,44,45,46,47,48,49,50,51,52}
 53 | {43,44,45,46,47,48,49,50,51,52,53}
 54 | {44,45,46,47,48,49,50,51,52,53,54}
 55 | {45,46,47,48,49,50,51,52,53,54,55}
 56 | {46,47,48,49,50,51,52,53,54,55,56}
 57 | {47,48,49,50,51,52,53,54,55,56,57}
 58 | {48,49,50,51,52,53,54,55,56,57,58}
 59 | {49,50,51,52,53,54,55,56,57,58,59}
 60 | {50,51,52,53,54,55,56,57,58,59,60}
(18 rows)

SELECT t, v FROM test_int8 WHERE v @> '{43,50}' ORDER BY t;
 t  |                 v                  
----+------------------------------------
 50 | {40,41,42,43,44,45,46,47,48,49,50}
 51 | {41,42,43,44,45,46,47,48,49,50,51}
 52 | {42,43,44,45,46,47,48,49,50,51,52}
 53 | {43,44,45,46,47,48,49,50,51,52,53}
(4 rows)

SELECT t, v FROM test_int8 WHERE v <@ '{0,1,2,3,4,5,6,7,8,9,10}' ORDER BY t;
 t  |            v             
----+--------------------------
  1 | {0,1}
  2 | {0,1,2}
  3 | {0,1,2,3}
  4 | {0,1,2,3,4}
  5 | {0,1,2,3,4,5}
  6 | {0,1,2,3,4,5,6}
  7 | {0,1,2,3,4,5,6,7}
  8 | {0,1,2,3,4,5,6,7,8}
  9 | {0,1,2,3,4,5,6,7,8,9}
 10 | {0,1,2,3,4,5,6,7,8,9,10}
(10 rows)

SELECT t, v FROM test_int8 WHERE v =  '{0,1,2,3,4,5,6,7,8,9,10}' ORDER BY t;
 t  |            v             
----+--------------------------
 10 | {0,1,2,3,4,5,6,7,8,9,10}
(1 row)

SET anyarray.similarity_type=cosine;
SELECT t, v FROM test_int8 WHERE v %  '{0,1,2,3,4,5,6,7,8,9,10}' ORDER BY t;
 t  |              v               
----+------------------------------
  3 | {0,1,2,3}
  4 | {0,1,2,3,4}
  5 | {0,1,2,3,4,5}
  6 | {0,1,2,3,4,5,6}
  7 | {0,1,2,3,4,5,6,7}
  8 | {0,1,2,3,4,5,6,7,8}
  9 | {0,1,2,3,4,5,6,7,8,9}
 10 | {0,1,2,3,4,5,6,7,8,9,10}
 11 | {1,2,3,4,5,6,7,8,9,10,11}
 12 | {2,3,4,5,6,7,8,9,10,11,12}
 13 | {3,4,5,6,7,8,9,10,11,12,13}
 14 | {4,5,6,7,8,9,10,11,12,13,14}
(12 rows)

SET anyarray.similarity_type=jaccard;
SELECT t, v FROM test_int8 WHERE v %  '{0,1,2,3,4,5,6,7,8,9,10}' ORDER BY t;
 t  |             v              
----+----------------------------
  6 | {0,1,2,3,4,5,6}
  7 | {0,1,2,3,4,5,6,7}
  8 | {0,1,2,3,4,5,6,7,8}
  9 | {0,1,2,3,4,5,6,7,8,9}
 10 | {0,1,2,3,4,5,6,7,8,9,10}
 11 | {1,2,3,4,5,6,7,8,9,10,11}
 12 | {2,3,4,5,6,7,8,9,10,11,12}
(7 rows)

SET anyarray.similarity_type=overlap;
SET anyarray.similarity_threshold = 3;
SELECT t, v FROM test_int8 WHERE v %  '{0,1,2,3,4,5,6,7,8,9,10}' ORDER BY t;
 t  |                v                 
----+----------------------------------
  2 | {0,1,2}
  3 | {0,1,2,3}
  4 | {0,1,2,3,4}
  5 | {0,1,2,3,4,5}
  6 | {0,1,2,3,4,5,6}
  7 | {0,1,2,3,4,5,6,7}
  8 | {0,1,2,3,4,5,6,7,8}
  9 | {0,1,2,3,4,5,6,7,8,9}
 10 | {0,1,2,3,4,5,6,7,8,9,10}
 11 | {1,2,3,4,5,6,7,8,9,10,11}
 12 | {2,3,4,5,6,7,8,9,10,11,12}
 13 | {3,4,5,6,7,8,9,10,11,12,13}
 14 | {4,5,6,7,8,9,10,11,12,13,14}
 15 | {5,6,7,8,9,10,11,12,13,14,15}
 16 | {6,7,8,9,10,11,12,13,14,15,16}
 17 | {7,8,9,10,11,12,13,14,15,16,17}
 18 | {8,9,10,11,12,13,14,15,16,17,18}
(17 rows)

RESET anyarray.similarity_threshold;
