-- Check security CVE-2020-14350
CREATE FUNCTION rumanyarray_distance(anyarray,anyarray) RETURNS bool AS $$ SELECT false $$ LANGUAGE SQL;
CREATE EXTENSION anyarray CASCADE;
NOTICE:  installing required extension "rum"
ERROR:  function "rumanyarray_distance" already exists with same argument types
DROP FUNCTION rumanyarray_distance(anyarray,anyarray);
